// Jest Snapshot v1, https://goo.gl/fbAQLP

exports[`Name of the group If it matches the snapshot 1`] = `
<div
  class="control"
>
  <main
    class="control__body"
    id="id"
  >
    <p
      class="control__name"
      title="name"
    >
      name
    </p>
    <div
      class="control__content"
    >
      <label
        class="file"
        for="controlId"
      >
        
      Upload...
      
        <input
          id="controlId"
          title="name"
          type="file"
        />
        
    
      </label>
      
  
    </div>
  </main>
</div>
`;
